// Jest Snapshot v1, https://goo.gl/fbAQLP

exports[`NavBar components it renders without errors 1`] = `ShallowWrapper {}`;
