// Jest Snapshot v1, https://goo.gl/fbAQLP

exports[`Message components it renders without errors 1`] = `ShallowWrapper {}`;
